---
source: crates/openplanet-lsp-tui/tests/snapshots.rs
expression: terminal.backend()
---
"┌ openplanet-lsp · watch ──────────────────────────────────────────────────────┐"
"│ ./MyPlugin  ·  0 diagnostics (0 errors · 0 warnings)  ·  idle                │"
"└──────────────────────────────────────────────────────────────────────────────┘"
"┌ diagnostics ─────────────────────────────────────────────────────────────────┐"
"│  (no diagnostics — edit a .as file or press r)                               │"
"│                                                                              │"
"│                                                                              │"
"│                                                                              │"
"│                                                                              │"
"│                                                                              │"
"│                                                                              │"
"│                                                                              │"
"└──────────────────────────────────────────────────────────────────────────────┘"
"┌ detail ──────────────────────────────────────────────────────────────────────┐"
"│  Select a diagnostic to inspect.                                             │"
"│                                                                              │"
"│                                                                              │"
"│                                                                              │"
"│                                                                              │"
"│                                                                              │"
"└──────────────────────────────────────────────────────────────────────────────┘"
"┌ keys ────────────────────────────────────────────────────────────────────────┐"
"│ q quit  ·  j/k ↑↓  ·  PgUp/PgDn  ·  g/G top/end  ·  r refresh                │"
"└──────────────────────────────────────────────────────────────────────────────┘"
