---
source: crates/openplanet-lsp-tui/tests/snapshots.rs
expression: terminal.backend()
---
"┌ openplanet-lsp · watch ──────────────────────────────────────────────────────┐"
"│ ./MyPlugin  ·  3 diagnostics (2 errors · 1 warnings)  ·  last: 120ms         │"
"└──────────────────────────────────────────────────────────────────────────────┘"
"┌ diagnostics ─────────────────────────────────────────────────────────────────┐"
"│›  E  src/Main.as:42:5  Undefined member 'Foo'                                │"
"│   W  src/Main.as:10:1  Use 'const string &in x' to pass a string by reference│"
"│   E  src/Helper.as:7:12  No matching signatures to 'Bar(int)'                │"
"│                                                                              │"
"│                                                                              │"
"│                                                                              │"
"│                                                                              │"
"│                                                                              │"
"└──────────────────────────────────────────────────────────────────────────────┘"
"┌ detail · error ──────────────────────────────────────────────────────────────┐"
"│ E src/Main.as:42:5                                                           │"
"│                                                                              │"
"│Undefined member 'Foo'                                                        │"
"│                                                                              │"
"│                                                                              │"
"│                                                                              │"
"└──────────────────────────────────────────────────────────────────────────────┘"
"┌ keys ────────────────────────────────────────────────────────────────────────┐"
"│ q quit  ·  j/k ↑↓  ·  PgUp/PgDn  ·  g/G top/end  ·  r refresh                │"
"└──────────────────────────────────────────────────────────────────────────────┘"
