---
source: crates/openplanet-lsp-tui/tests/snapshots.rs
assertion_line: 30
expression: out
---
"┌ openplanet-lsp · empty-plugin ───────────────────────────────────────────────┐"
"│ 0 diags · 0E/0W ready · 5ms                                                  │"
"└──────────────────────────────────────────────────────────────────────────────┘"
"┌ diagnostics ─────────────────────────────────────────────────────────────────┐"
"│  (no diagnostics)                                                            │"
"│                                                                              │"
"│                                                                              │"
"│                                                                              │"
"│                                                                              │"
"│                                                                              │"
"│                                                                              │"
"│                                                                              │"
"│                                                                              │"
"│                                                                              │"
"│                                                                              │"
"│                                                                              │"
"│                                                                              │"
"│                                                                              │"
"│                                                                              │"
"│                                                                              │"
"└──────────────────────────────────────────────────────────────────────────────┘"
"┌ keys ────────────────────────────────────────────────────────────────────────┐"
"│ q quit  ·  j/k or ↓/↑ scroll  ·  r refresh                                   │"
"└──────────────────────────────────────────────────────────────────────────────┘"
